// Jest Snapshot v1, https://goo.gl/fbAQLP

exports[`interpreter default scripts bitwise.src 1`] = `"Testing 4294967295 & 252645135 = 252645135"`;

exports[`interpreter default scripts bitwise.src 2`] = `"Testing -1 & 252645135 = 252645135"`;

exports[`interpreter default scripts bitwise.src 3`] = `"Testing 4042322160 | 252645135 = 4294967295"`;

exports[`interpreter default scripts bitwise.src 4`] = `"Testing -1 | 0 = -1"`;

exports[`interpreter default scripts bitwise.src 5`] = `"Testing 2863311530 ^ 1431655765 = 4294967295"`;

exports[`interpreter default scripts bitwise.src 6`] = `"Testing -1 ^ 4294967295 = 0"`;

exports[`interpreter default scripts bitwise.src 7`] = `"Testing 1 << 31 = 2147483648"`;

exports[`interpreter default scripts bitwise.src 8`] = `"Testing 1 << 64 = 1"`;

exports[`interpreter default scripts bitwise.src 9`] = `"Testing -1 << 1 = -2"`;

exports[`interpreter default scripts bitwise.src 10`] = `"Testing -4 >> 1 = -2"`;

exports[`interpreter default scripts bitwise.src 11`] = `"Testing 2147483648 >> 31 = 1"`;

exports[`interpreter default scripts bitwise.src 12`] = `"Testing 1 >> 64 = 1"`;

exports[`interpreter default scripts bitwise.src 13`] = `"Testing -1 >>> 1 = 2147483647"`;

exports[`interpreter default scripts bitwise.src 14`] = `"Testing 1 >>> 64 = 1"`;

exports[`interpreter default scripts bitwise.src 15`] = `"Testing 0 ~ 0 = -1"`;

exports[`interpreter default scripts bitwise.src 16`] = `"Testing 4294967295 ~ 0 = -4294967296"`;

exports[`interpreter default scripts bitwise.src 17`] = `"Testing -1 ~ 0 = 0"`;

exports[`interpreter default scripts bitwise.src 18`] = `"Testing -1 & 252645135 = 252645135"`;

exports[`interpreter default scripts bitwise.src 19`] = `"Testing -1 | 0 = -1"`;

exports[`interpreter default scripts bitwise.src 20`] = `"Testing -1 ^ 4294967295 = 0"`;

exports[`interpreter default scripts bitwise.src 21`] = `"Testing 1 << 128 = 1"`;

exports[`interpreter default scripts bitwise.src 22`] = `"Testing 1 >> 128 = 1"`;

exports[`interpreter default scripts bitwise.src 23`] = `"Testing 123.456 & 78.9 = 74"`;

exports[`interpreter default scripts bitwise.src 24`] = `"Testing 123.456 | 78.9 = 127"`;

exports[`interpreter default scripts bitwise.src 25`] = `"Testing 2147483647 & 4294967295 = 2147483647"`;

exports[`interpreter default scripts bitwise.src 26`] = `"Testing 2147483648 | 2147483647 = 4294967295"`;

exports[`interpreter default scripts bitwise.src 27`] = `"Testing 4294967295 ^ 4294967295 = -4294967296"`;

exports[`interpreter default scripts copy.src 1`] = `"[1, 2, 3]"`;

exports[`interpreter default scripts copy.src 2`] = `"[1, 2, 3]"`;

exports[`interpreter default scripts copy.src 3`] = `"===================="`;

exports[`interpreter default scripts copy.src 4`] = `"[10, 10, 3]"`;

exports[`interpreter default scripts copy.src 5`] = `"[10, 10, 3]"`;

exports[`interpreter default scripts generics.src 1`] = `"{"`;

exports[`interpreter default scripts generics.src 2`] = `"123"`;

exports[`interpreter default scripts generics.src 3`] = `"0"`;

exports[`interpreter default scripts generics.src 4`] = `"1.23"`;

exports[`interpreter default scripts generics.src 5`] = `"0"`;

exports[`interpreter default scripts generics.src 6`] = `"234300976"`;

exports[`interpreter default scripts generics.src 7`] = `"-871617262"`;

exports[`interpreter default scripts generics.src 8`] = `"1066051823"`;

exports[`interpreter default scripts generics.src 9`] = `"-1447586188"`;

exports[`interpreter default scripts generics.src 10`] = `"-1491378021"`;

exports[`interpreter default scripts generics.src 11`] = `"[6, 5, 4, 3, 2, 1, 0]"`;

exports[`interpreter default scripts generics.src 12`] = `"[1, 2, 3, 4, 5]"`;

exports[`interpreter default scripts generics.src 13`] = `"[5, 4, 3, 2, 1]"`;

exports[`interpreter default scripts generics.src 14`] = `"[0, 2, 4, 6, 8, 10]"`;

exports[`interpreter default scripts generics.src 15`] = `"-1785821677"`;

exports[`interpreter default scripts generics.src 16`] = `"1.2055713536802566"`;

exports[`interpreter default scripts generics.src 17`] = `"0"`;

exports[`interpreter default scripts generics.src 18`] = `"1"`;

exports[`interpreter default scripts generics.src 19`] = `"1"`;

exports[`interpreter default scripts generics.src 20`] = `"null"`;

exports[`interpreter default scripts generics.src 21`] = `"test"`;

exports[`interpreter default scripts list.src 1`] = `"1"`;

exports[`interpreter default scripts list.src 2`] = `"0"`;

exports[`interpreter default scripts list.src 3`] = `"[0, 1]"`;

exports[`interpreter default scripts list.src 4`] = `"1"`;

exports[`interpreter default scripts list.src 5`] = `"null"`;

exports[`interpreter default scripts list.src 6`] = `"2"`;

exports[`interpreter default scripts list.src 7`] = `"bar"`;

exports[`interpreter default scripts list.src 8`] = `"[\\"foo\\"]"`;

exports[`interpreter default scripts list.src 9`] = `"foo"`;

exports[`interpreter default scripts list.src 10`] = `"[\\"bar\\"]"`;

exports[`interpreter default scripts list.src 11`] = `"[\\"foo\\", \\"bar\\", \\"xxx\\"]"`;

exports[`interpreter default scripts list.src 12`] = `"[1, 2, 4, 6]"`;

exports[`interpreter default scripts list.src 13`] = `"16"`;

exports[`interpreter default scripts list.src 14`] = `"null"`;

exports[`interpreter default scripts list.src 15`] = `"[\\"bar\\"]"`;

exports[`interpreter default scripts list.src 16`] = `"[\\"foo\\", \\"bar\\"]"`;

exports[`interpreter default scripts list.src 17`] = `"[\\"xxx\\", \\"bar\\", \\"foo\\"]"`;

exports[`interpreter default scripts list.src 18`] = `"foo;bar;xxx"`;

exports[`interpreter default scripts list.src 19`] = `"0"`;

exports[`interpreter default scripts list.src 20`] = `"0"`;

exports[`interpreter default scripts list.src 21`] = `"1"`;

exports[`interpreter default scripts list.src 22`] = `"1"`;

exports[`interpreter default scripts list.src 23`] = `"true"`;

exports[`interpreter default scripts list.src 24`] = `"[{\\"foo\\":2}, {\\"foo\\":4}, {\\"foo\\":5}, {\\"foo\\":9}]"`;

exports[`interpreter default scripts list.src 25`] = `"[1, 2, 1337, 3, 4]"`;

exports[`interpreter default scripts list.src 26`] = `"[1, 3, 3, 7]"`;

exports[`interpreter default scripts manipulation.src 1`] = `"1"`;

exports[`interpreter default scripts manipulation.src 2`] = `"0"`;

exports[`interpreter default scripts manipulation.src 3`] = `"1"`;

exports[`interpreter default scripts manipulation.src 4`] = `"0"`;

exports[`interpreter default scripts manipulation.src 5`] = `"1"`;

exports[`interpreter default scripts manipulation.src 6`] = `"0"`;

exports[`interpreter default scripts manipulation.src 7`] = `"lore"`;

exports[`interpreter default scripts manipulation.src 8`] = `"null"`;

exports[`interpreter default scripts manipulation.src 9`] = `"1"`;

exports[`interpreter default scripts manipulation.src 10`] = `"null"`;

exports[`interpreter default scripts manipulation.src 11`] = `"4"`;

exports[`interpreter default scripts manipulation.src 12`] = `"null"`;

exports[`interpreter default scripts manipulation.src 13`] = `"[\\"foo\\", \\"bar\\", \\"lore\\"]"`;

exports[`interpreter default scripts manipulation.src 14`] = `"[0, 1, 2]"`;

exports[`interpreter default scripts manipulation.src 15`] = `"[0, 1, 2, 3, 4, 5, 6, 7, 8, 9, 10, 11, 12, 13, 14, 15, 16, 17, 18, 19, 20]"`;

exports[`interpreter default scripts manipulation.src 16`] = `"[123, 1, \\"moo\\"]"`;

exports[`interpreter default scripts manipulation.src 17`] = `"[\\"xxx\\", 123, \\"foo\\"]"`;

exports[`interpreter default scripts manipulation.src 18`] = `"3"`;

exports[`interpreter default scripts manipulation.src 19`] = `"3"`;

exports[`interpreter default scripts manipulation.src 20`] = `"21"`;

exports[`interpreter default scripts manipulation.src 21`] = `"abc lorem ipsum xxxav"`;

exports[`interpreter default scripts manipulation.src 22`] = `"ABC LOREM IPSUM XXXAV"`;

exports[`interpreter default scripts manipulation.src 23`] = `"[123, \\"foo\\"]"`;

exports[`interpreter default scripts manipulation.src 24`] = `"[\\"xxx\\", 123]"`;

exports[`interpreter default scripts manipulation.src 25`] = `" lorem ipsum XxXaV"`;

exports[`interpreter default scripts manipulation.src 26`] = `"abc"`;

exports[`interpreter default scripts manipulation.src 27`] = `"124"`;

exports[`interpreter default scripts manipulation.src 28`] = `"123"`;

exports[`interpreter default scripts manipulation.src 29`] = `"0"`;

exports[`interpreter default scripts manipulation.src 30`] = `"lore"`;

exports[`interpreter default scripts manipulation.src 31`] = `"foo"`;

exports[`interpreter default scripts manipulation.src 32`] = `"{\\"foo\\":123,\\"bar\\":1}"`;

exports[`interpreter default scripts manipulation.src 33`] = `"[\\"xxx\\", 123]"`;

exports[`interpreter default scripts manipulation.src 34`] = `"xxx"`;

exports[`interpreter default scripts manipulation.src 35`] = `"{\\"foo\\":123,\\"bar\\":1}"`;

exports[`interpreter default scripts manipulation.src 36`] = `"[123, \\"foo\\"]"`;

exports[`interpreter default scripts manipulation.src 37`] = `"{\\"foo\\":123,\\"bar\\":1,\\"lore\\":\\"moo\\",\\"addition\\":1}"`;

exports[`interpreter default scripts manipulation.src 38`] = `"[\\"xxx\\", 123, \\"foo\\", \\"addition\\"]"`;

exports[`interpreter default scripts manipulation.src 39`] = `"{\\"foo\\":123,\\"lore\\":\\"moo\\"}"`;

exports[`interpreter default scripts manipulation.src 40`] = `"[\\"xxx\\", \\"foo\\"]"`;

exports[`interpreter default scripts manipulation.src 41`] = `"abc lorem  XxXaV"`;

exports[`interpreter default scripts manipulation.src 42`] = `"{\\"foo\\":123,\\"bar\\":\\"moo\\",\\"lore\\":1}"`;

exports[`interpreter default scripts manipulation.src 43`] = `"[\\"xxx\\", \\"foo\\", 123]"`;

exports[`interpreter default scripts manipulation.src 44`] = `"{\\"foo\\":123,\\"bar\\":1,\\"lore\\":\\"moo\\"}"`;

exports[`interpreter default scripts manipulation.src 45`] = `"[123, \\"foo\\", \\"xxx\\"]"`;

exports[`interpreter default scripts manipulation.src 46`] = `"{\\"foo\\":123,\\"bar\\":1,\\"lore\\":\\"moo\\"}"`;

exports[`interpreter default scripts manipulation.src 47`] = `"[\\"xxx\\", \\"foo\\", 123]"`;

exports[`interpreter default scripts manipulation.src 48`] = `"{0:\\"0\\",1:\\"1\\",2:\\"2\\",3:\\"3\\",4:\\"4\\",5:\\"5\\",6:\\"6\\",7:\\"7\\",8:\\"8\\",9:\\"9\\",10:\\"a\\",11:\\"b\\",12:\\"c\\",13:\\"d\\",14:\\"e\\",15:\\"f\\"}"`;

exports[`interpreter default scripts manipulation.src 49`] = `"{0:\\"0\\",1:\\"1\\",2:\\"2\\",3:\\"3\\",4:\\"4\\",5:\\"5\\",6:\\"6\\",7:\\"7\\",8:\\"8\\",9:\\"9\\"}"`;

exports[`interpreter default scripts map.src 1`] = `"1"`;

exports[`interpreter default scripts map.src 2`] = `"0"`;

exports[`interpreter default scripts map.src 3`] = `"[\\"foo\\", \\"bar\\"]"`;

exports[`interpreter default scripts map.src 4`] = `"[9064, \\"ipsum\\"]"`;

exports[`interpreter default scripts map.src 5`] = `"bar"`;

exports[`interpreter default scripts map.src 6`] = `"null"`;

exports[`interpreter default scripts map.src 7`] = `"2"`;

exports[`interpreter default scripts map.src 8`] = `"bar"`;

exports[`interpreter default scripts map.src 9`] = `"{\\"foo\\":123}"`;

exports[`interpreter default scripts map.src 10`] = `"{\\"foo\\":123,\\"bar\\":\\"ipsum\\",\\"moo\\":1}"`;

exports[`interpreter default scripts map.src 11`] = `"323"`;

exports[`interpreter default scripts map.src 12`] = `"{\\"foo\\":123,\\"bar\\":\\"ipsum\\"}"`;

exports[`interpreter default scripts map.src 13`] = `"1"`;

exports[`interpreter default scripts map.src 14`] = `"{\\"test\\":3,\\"bar\\":3,\\"foo\\":1}"`;

exports[`interpreter default scripts math.src 1`] = `"1337"`;

exports[`interpreter default scripts math.src 2`] = `"NaN"`;

exports[`interpreter default scripts math.src 3`] = `"NaN"`;

exports[`interpreter default scripts math.src 4`] = `"1.5700483837780477"`;

exports[`interpreter default scripts math.src 5`] = `"-3.878660859970253"`;

exports[`interpreter default scripts math.src 6`] = `"1337"`;

exports[`interpreter default scripts math.src 7`] = `"0.2496568790410366"`;

exports[`interpreter default scripts math.src 8`] = `"1337"`;

exports[`interpreter default scripts math.src 9`] = `"-0.9683343651587963"`;

exports[`interpreter default scripts math.src 10`] = `"1337"`;

exports[`interpreter default scripts math.src 11`] = `"36.565010597564445"`;

exports[`interpreter default scripts math.src 12`] = `"3.141592653589793"`;

exports[`interpreter default scripts math.src 13`] = `"281"`;

exports[`interpreter default scripts math.src 14`] = `"1403"`;

exports[`interpreter default scripts math.src 15`] = `"1122"`;

exports[`interpreter default scripts math.src 16`] = `"179449102336"`;

exports[`interpreter default scripts math.src 17`] = `"0"`;

exports[`interpreter default scripts math.src 18`] = `"0"`;

exports[`interpreter default scripts math.src 19`] = `"-1338"`;

exports[`interpreter default scripts math.src 20`] = `"2147483648"`;

exports[`interpreter default scripts rnd.src 1`] = `"0.4985665436834097"`;

exports[`interpreter default scripts rnd.src 2`] = `"0.4985665436834097"`;

exports[`interpreter default scripts rnd.src 3`] = `"0.5925850959029049"`;

exports[`interpreter default scripts rnd.src 4`] = `"0.5925850959029049"`;

exports[`interpreter default scripts rnd.src 5`] = `"0.4985665436834097"`;

exports[`interpreter default scripts rnd.src 6`] = `"0.4985665436834097"`;

exports[`interpreter default scripts rnd.src 7`] = `"0.8601930080913007"`;

exports[`interpreter default scripts rnd.src 8`] = `"0.9429001251701266"`;

exports[`interpreter default scripts rnd.src 9`] = `"0.5040702840778977"`;

exports[`interpreter default scripts rnd.src 10`] = `"0.370444345055148"`;

exports[`interpreter default scripts rnd.src 11`] = `"0.7272597649134696"`;

exports[`interpreter default scripts rnd.src 12`] = `"0.038931101094931364"`;

exports[`interpreter default scripts rnd.src 13`] = `"0.13073113723658025"`;

exports[`interpreter default scripts rnd.src 14`] = `"0.7641290149185807"`;

exports[`interpreter default scripts rnd.src 15`] = `"0.17395805357955396"`;

exports[`interpreter default scripts rnd.src 16`] = `"0.9864606389310211"`;

exports[`interpreter default scripts rnd.src 17`] = `"0.8152328915894032"`;

exports[`interpreter default scripts string.src 1`] = `"1"`;

exports[`interpreter default scripts string.src 2`] = `"0"`;

exports[`interpreter default scripts string.src 3`] = `"[0, 1, 2, 3, 4, 5, 6, 7, 8, 9, 10, 11, 12, 13, 14, 15, 16, 17, 18, 19, 20, 21, 22]"`;

exports[`interpreter default scripts string.src 4`] = `"[\\"x\\", \\"x\\", \\"x\\", \\" \\", \\"l\\", \\"o\\", \\"r\\", \\"e\\", \\"m\\", \\" \\", \\"i\\", \\"p\\", \\"s\\", \\"u\\", \\"m\\", \\" \\", \\"b\\", \\"a\\", \\"r\\", \\" \\", \\"f\\", \\"o\\", \\"r\\"]"`;

exports[`interpreter default scripts string.src 5`] = `"16"`;

exports[`interpreter default scripts string.src 6`] = `"null"`;

exports[`interpreter default scripts string.src 7`] = `"120"`;

exports[`interpreter default scripts string.src 8`] = `"23"`;

exports[`interpreter default scripts string.src 9`] = `"xxx was ccccccc"`;

exports[`interpreter default scripts string.src 10`] = `"1.23"`;

exports[`interpreter default scripts string.src 11`] = `"0"`;

exports[`interpreter default scripts string.src 12`] = `"XXX  CCCCCCC"`;

exports[`interpreter default scripts string.src 13`] = `"XXX WAS CCCCCCC"`;

exports[`interpreter default scripts string.src 14`] = `"[\\"123\\", \\"was\\", \\"false\\"]"`;

exports[`interpreter default scripts string.src 15`] = `"xxx replaced ipsum bar for"`;

exports[`interpreter default scripts string.src 16`] = `"was      xx"`;

exports[`interpreter default scripts string.src 17`] = `"12"`;

exports[`interpreter default scripts string.src 18`] = `"1213373456"`;

exports[`interpreter default scripts string.src 19`] = `"[\\"a\\", \\"b\\", \\"c\\", \\"e\\", \\"d\\"]"`;

exports[`interpreter default scripts string.src 20`] = `"[\\"abced\\", \\"ca\\", \\"xa\\"]"`;

exports[`interpreter default scripts string.src 21`] = `"foo \\\\\\"bar\\\\\\" foo"`;

exports[`interpreter default scripts string.src 22`] = `"foo \\\\\\"bar\\\\\\" foo"`;

exports[`interpreter default scripts string.src 23`] = `"[\\"ab\\", \\"ce\\", \\"d\\"]"`;

exports[`interpreter default scripts string.src 24`] = `"-1"`;

exports[`interpreter default scripts string.src 25`] = `"1"`;

exports[`interpreter default scripts string.src 26`] = `"{0:\\"xxx lorem\\",10:\\"ipsum bar\\"}"`;

exports[`interpreter default scripts string.src 27`] = `"xxx lrem ipsum bar fr"`;

exports[`interpreter default scripts to_int.src 1`] = `"1.23"`;

exports[`interpreter default scripts to_int.src 2`] = `"string"`;

exports[`interpreter default scripts to_int.src 3`] = `"1,23"`;

exports[`interpreter default scripts to_int.src 4`] = `"string"`;

exports[`interpreter default scripts to_int.src 5`] = `"1"`;

exports[`interpreter default scripts to_int.src 6`] = `"number"`;

exports[`interpreter default scripts to_int.src 7`] = `"123"`;

exports[`interpreter default scripts to_int.src 8`] = `"number"`;

exports[`interpreter default scripts to_int.src 9`] = `" 12 3  "`;

exports[`interpreter default scripts to_int.src 10`] = `"string"`;

exports[`interpreter default scripts to_int.src 11`] = `"12"`;

exports[`interpreter default scripts to_int.src 12`] = `"number"`;

exports[`interpreter default scripts to_int.src 13`] = `"-12"`;

exports[`interpreter default scripts to_int.src 14`] = `"number"`;

exports[`interpreter default scripts to_int.src 15`] = `"23E-1"`;

exports[`interpreter default scripts to_int.src 16`] = `"string"`;

exports[`interpreter default scripts to_int.src 17`] = `"23E+1"`;

exports[`interpreter default scripts to_int.src 18`] = `"string"`;

exports[`interpreter default scripts to_int.src 19`] = `"23."`;

exports[`interpreter default scripts to_int.src 20`] = `"string"`;

exports[`interpreter default scripts to_int.src 21`] = `"23.00"`;

exports[`interpreter default scripts to_int.src 22`] = `"string"`;

exports[`interpreter default scripts val.src 1`] = `"1.23"`;

exports[`interpreter default scripts val.src 2`] = `"123"`;

exports[`interpreter default scripts val.src 3`] = `"1"`;

exports[`interpreter default scripts val.src 4`] = `"0"`;

exports[`interpreter default scripts val.src 5`] = `"0"`;

exports[`interpreter default scripts val.src 6`] = `"1234.56"`;

exports[`interpreter default scripts val.src 7`] = `"0"`;

exports[`interpreter default scripts val.src 8`] = `"0"`;

exports[`interpreter default scripts val.src 9`] = `"0"`;

exports[`interpreter default scripts val.src 10`] = `"1234.5"`;

exports[`interpreter default scripts val.src 11`] = `"0"`;

exports[`interpreter default scripts val.src 12`] = `"12.5"`;

exports[`interpreter default scripts val.src 13`] = `"-12.5"`;

exports[`interpreter default scripts val.src 14`] = `"2.3"`;

exports[`interpreter default scripts val.src 15`] = `"230"`;

exports[`interpreter default scripts val.src 16`] = `"2.32"`;

exports[`interpreter default scripts val.src 17`] = `"232"`;

exports[`interpreter default scripts val.src 18`] = `"1"`;

exports[`interpreter default scripts val.src 19`] = `"1230"`;

exports[`interpreter default scripts val.src 20`] = `"0.123"`;

exports[`interpreter default scripts val.src 21`] = `"0"`;

exports[`interpreter default scripts val.src 22`] = `"0"`;

exports[`interpreter default scripts val.src 23`] = `"1234.56"`;

exports[`interpreter default scripts val.src 24`] = `"1.56"`;

exports[`interpreter default scripts val.src 25`] = `"0"`;

exports[`interpreter default scripts val.src 26`] = `"0.56"`;

exports[`interpreter default scripts val.src 27`] = `"2"`;
